C51 COMPILER V9.60.0.0   DOOR_PASSWORD_SYSTEM                                              04/22/2022 20:58:52 PAGE 1   


C51 COMPILER V9.60.0.0, COMPILATION OF MODULE DOOR_PASSWORD_SYSTEM
OBJECT MODULE PLACED IN .\Objects\Door_Password_System.obj
COMPILER INVOKED BY: C:\Keil_v5\C51\BIN\C51.EXE Door_Password_System.c OPTIMIZE(8,SPEED) BROWSE DEBUG OBJECTEXTEND PRINT
                    -(.\Listings\Door_Password_System.lst) TABS(2) OBJECT(.\Objects\Door_Password_System.obj)

line level    source

   1          #include<reg51.h>
   2          #define LCD P2
   3          sbit RS = P3^0;
   4          sbit E = P3^1;
   5          
   6          sbit key_r1 = P1^0;
   7          sbit key_r2 = P1^1;
   8          sbit key_r3 = P1^2;
   9          sbit key_r4 = P1^3;
  10          
  11          sbit key_c1 = P1^4;
  12          sbit key_c2 = P1^5;
  13          sbit key_c3 = P1^6;
  14          
  15          sbit door_motor = P1^7;
  16          
  17          unsigned char pin[] = {"9885"};
  18          unsigned char epin[4];
  19          
  20          void delay(unsigned int time){
  21   1        unsigned int i, j;
  22   1        for(i=1;i<time;i++)
  23   1        for(j=1;j<1275;j++);
  24   1      }
  25          
  26          void lcd_command(unsigned char c){
  27   1        LCD = c;
  28   1        RS = 0;
  29   1        E = 1; 
  30   1        delay(4);
  31   1        E = 0;
  32   1      }
  33          void print(unsigned char d){
  34   1          LCD = d;
  35   1          RS = 1;
  36   1          E = 1;
  37   1          delay(4);
  38   1          E = 0;
  39   1      }
  40          void init_lcd(){
  41   1        lcd_command(0x38);
  42   1        lcd_command(0x01);
  43   1        lcd_command(0x06);
  44   1        lcd_command(0x0c);
  45   1        lcd_command(0x80);
  46   1      }
  47          void printl(unsigned char* str){
  48   1        unsigned int i=0;
  49   1        while(str[i] != '\0'){
  50   2          print(str[i]);
  51   2          i++;
  52   2        }
  53   1      }
  54          
C51 COMPILER V9.60.0.0   DOOR_PASSWORD_SYSTEM                                              04/22/2022 20:58:52 PAGE 2   

  55          unsigned char GetKey(){
  56   1        while(1){
  57   2          key_r1 = 0;
  58   2          key_r2 = 1;
  59   2          key_r3 = 1;
  60   2          key_r4 = 1;
  61   2          if(key_c1 == 0){
  62   3            return '1';
  63   3          }
  64   2          if(key_c2 == 0){
  65   3            return '2';
  66   3          }
  67   2          if(key_c3 == 0){
  68   3            return '3';
  69   3          }
  70   2          key_r1 = 1;
  71   2          key_r2 = 0;
  72   2          key_r3 = 1;
  73   2          key_r4 = 1;
  74   2          if(key_c1 == 0){
  75   3            return '4';
  76   3          }
  77   2          if(key_c2 == 0){
  78   3            return '5';
  79   3          }
  80   2          if(key_c3 == 0){
  81   3            return '6';
  82   3          }
  83   2          key_r1 = 1;
  84   2          key_r2 = 1;
  85   2          key_r3 = 0;
  86   2          key_r4 = 1;
  87   2          if(key_c1 == 0){
  88   3            return '7';
  89   3          }
  90   2          if(key_c2 == 0){
  91   3            return '8';
  92   3          }
  93   2          if(key_c3 == 0){
  94   3            return '9';
  95   3          }
  96   2          key_r1 = 1;
  97   2          key_r2 = 1;
  98   2          key_r3 = 1;
  99   2          key_r4 = 0;
 100   2          if(key_c1 == 0){
 101   3            return '*';
 102   3          }
 103   2          if(key_c2 == 0){
 104   3            return '0';
 105   3          }
 106   2          if(key_c3 == 0){
 107   3            return '#';
 108   3          }
 109   2          delay(20);
 110   2        }
 111   1      }
 112          
 113          void checkPassword(){
 114   1        init_lcd();
 115   1        if(epin[0] == pin[0] && epin[1] == pin[1] && epin[2] == pin[2] && epin[3] == pin[3]){
 116   2          printl("Correct PIN");
C51 COMPILER V9.60.0.0   DOOR_PASSWORD_SYSTEM                                              04/22/2022 20:58:52 PAGE 3   

 117   2          door_motor = 1;
 118   2          lcd_command(0xc0);
 119   2          printl("Door Opened");
 120   2        }
 121   1        else{
 122   2          printl("Incorrect PIN");
 123   2          lcd_command(0xc0);
 124   2          printl("Try Again Later");
 125   2        }
 126   1        delay(1000);
 127   1        door_motor = 0;
 128   1      }
 129          
 130          void main(){
 131   1      while(1){
 132   2        unsigned int i = 0;
 133   2        door_motor = 0;
 134   2        init_lcd();
 135   2        printl("Enter Door PIN");
 136   2        lcd_command(0xc0);
 137   2        while(pin[i] != '\0'){
 138   3          epin[i] = GetKey();
 139   3          print('*');
 140   3          delay(50);
 141   3          i++;
 142   3        }
 143   2        checkPassword();
 144   2      }
 145   1      }


MODULE INFORMATION:   STATIC OVERLAYABLE
   CODE SIZE        =    392    ----
   CONSTANT SIZE    =     69    ----
   XDATA SIZE       =   ----    ----
   PDATA SIZE       =   ----    ----
   DATA SIZE        =      9       7
   IDATA SIZE       =   ----    ----
   BIT SIZE         =   ----    ----
END OF MODULE INFORMATION.


C51 COMPILATION COMPLETE.  0 WARNING(S),  0 ERROR(S)
